package day01

func PartOne(useSample bool) int {
	
	return 0
}
